
Build started at: Tuesday, August 20, 2024 AM12:31:50 HKT
[ 33%] Built target Func1_src_lib
[ 66%] Built target Matrix_src_lib
[100%] Built target demo1
Install the project...
-- Install configuration: "Debug"
-- Up-to-date: /home/tungchiahui/UserFloder/mysource/CMake_Template/install/bin/demo1
-- Up-to-date: /home/tungchiahui/UserFloder/mysource/CMake_Template/install/lib/libFunc1_src_lib.so
-- Up-to-date: /home/tungchiahui/UserFloder/mysource/CMake_Template/install/lib/libMatrix_src_lib.so
-- Up-to-date: /home/tungchiahui/UserFloder/mysource/CMake_Template/install/include/Func1/testFunc.h
-- Up-to-date: /home/tungchiahui/UserFloder/mysource/CMake_Template/install/include/Matrix/eigen3_test.hpp

Build started at: Tuesday, August 20, 2024 AM12:34:54 HKT
[ 16%] Building C object src/Func1/CMakeFiles/Func1_src_lib.dir/src/testFunc.c.o
[ 33%] Building CXX object src/Matrix/CMakeFiles/Matrix_src_lib.dir/src/eigen3_test.cpp.o
[ 50%] Linking C shared library libFunc1_src_lib.so
[ 50%] Built target Func1_src_lib
[ 66%] Linking CXX shared library libMatrix_src_lib.so
[ 66%] Built target Matrix_src_lib
[ 83%] Building CXX object src/CMakeFiles/demo1.dir/main.cpp.o
[100%] Linking CXX executable demo1
[100%] Built target demo1
Install the project...
-- Install configuration: "Debug"
-- Installing: /home/tungchiahui/UserFloder/mysource/CMake_Template/install/bin/demo1
-- Set runtime path of "/home/tungchiahui/UserFloder/mysource/CMake_Template/install/bin/demo1" to ""
-- Installing: /home/tungchiahui/UserFloder/mysource/CMake_Template/install/lib/libFunc1_src_lib.so
-- Installing: /home/tungchiahui/UserFloder/mysource/CMake_Template/install/lib/libMatrix_src_lib.so
-- Set runtime path of "/home/tungchiahui/UserFloder/mysource/CMake_Template/install/lib/libMatrix_src_lib.so" to ""
-- Installing: /home/tungchiahui/UserFloder/mysource/CMake_Template/install/include/Func1/testFunc.h
-- Installing: /home/tungchiahui/UserFloder/mysource/CMake_Template/install/include/Matrix/eigen3_test.hpp

Build started at: Tuesday, August 20, 2024 AM12:35:14 HKT
[ 33%] Built target Func1_src_lib
[ 66%] Built target Matrix_src_lib
[100%] Built target demo1
Install the project...
-- Install configuration: "Debug"
-- Up-to-date: /home/tungchiahui/UserFloder/mysource/CMake_Template/install/bin/demo1
-- Up-to-date: /home/tungchiahui/UserFloder/mysource/CMake_Template/install/lib/libFunc1_src_lib.so
-- Up-to-date: /home/tungchiahui/UserFloder/mysource/CMake_Template/install/lib/libMatrix_src_lib.so
-- Up-to-date: /home/tungchiahui/UserFloder/mysource/CMake_Template/install/include/Func1/testFunc.h
-- Up-to-date: /home/tungchiahui/UserFloder/mysource/CMake_Template/install/include/Matrix/eigen3_test.hpp

Build started at: Tuesday, August 20, 2024 AM12:36:15 HKT
[ 33%] Built target Func1_src_lib
[ 66%] Built target Matrix_src_lib
[100%] Built target demo1
Install the project...
-- Install configuration: "Debug"
-- Up-to-date: /home/tungchiahui/UserFloder/mysource/CMake_Template/install/bin/demo1
-- Up-to-date: /home/tungchiahui/UserFloder/mysource/CMake_Template/install/lib/libFunc1_src_lib.so
-- Up-to-date: /home/tungchiahui/UserFloder/mysource/CMake_Template/install/lib/libMatrix_src_lib.so
-- Up-to-date: /home/tungchiahui/UserFloder/mysource/CMake_Template/install/include/Func1/testFunc.h
-- Up-to-date: /home/tungchiahui/UserFloder/mysource/CMake_Template/install/include/Matrix/eigen3_test.hpp

Build started at: Tuesday, August 20, 2024 AM12:41:58 HKT
[ 33%] Built target Func1_src_lib
[ 66%] Built target Matrix_src_lib
[100%] Built target demo1
Install the project...
-- Install configuration: "Debug"
-- Up-to-date: /home/tungchiahui/UserFloder/mysource/CMake_Template/install/bin/demo1
-- Up-to-date: /home/tungchiahui/UserFloder/mysource/CMake_Template/install/lib/libFunc1_src_lib.so
-- Up-to-date: /home/tungchiahui/UserFloder/mysource/CMake_Template/install/lib/libMatrix_src_lib.so
-- Up-to-date: /home/tungchiahui/UserFloder/mysource/CMake_Template/install/include/Func1/testFunc.h
-- Up-to-date: /home/tungchiahui/UserFloder/mysource/CMake_Template/install/include/Matrix/eigen3_test.hpp

Build started at: Tuesday, August 20, 2024 AM12:42:25 HKT
[ 33%] Built target Func1_src_lib
[ 66%] Built target Matrix_src_lib
[100%] Built target demo1
Install the project...
-- Install configuration: "Debug"
-- Up-to-date: /home/tungchiahui/UserFloder/mysource/CMake_Template/install/bin/demo1
-- Up-to-date: /home/tungchiahui/UserFloder/mysource/CMake_Template/install/lib/libFunc1_src_lib.so
-- Up-to-date: /home/tungchiahui/UserFloder/mysource/CMake_Template/install/lib/libMatrix_src_lib.so
-- Up-to-date: /home/tungchiahui/UserFloder/mysource/CMake_Template/install/include/Func1/testFunc.h
-- Up-to-date: /home/tungchiahui/UserFloder/mysource/CMake_Template/install/include/Matrix/eigen3_test.hpp

Build started at: Tuesday, August 20, 2024 AM12:42:41 HKT
[ 33%] Built target Func1_src_lib
[ 66%] Built target Matrix_src_lib
[100%] Built target demo1
Install the project...
-- Install configuration: "Debug"
-- Up-to-date: /home/tungchiahui/UserFloder/mysource/CMake_Template/install/bin/demo1
-- Up-to-date: /home/tungchiahui/UserFloder/mysource/CMake_Template/install/lib/libFunc1_src_lib.so
-- Up-to-date: /home/tungchiahui/UserFloder/mysource/CMake_Template/install/lib/libMatrix_src_lib.so
-- Up-to-date: /home/tungchiahui/UserFloder/mysource/CMake_Template/install/include/Func1/testFunc.h
-- Up-to-date: /home/tungchiahui/UserFloder/mysource/CMake_Template/install/include/Matrix/eigen3_test.hpp

Build started at: Tuesday, August 20, 2024 AM12:45:44 HKT
[ 33%] Built target Func1_src_lib
[ 66%] Built target Matrix_src_lib
[100%] Built target demo1
Install the project...
-- Install configuration: "Debug"
-- Up-to-date: /home/tungchiahui/UserFloder/mysource/CMake_Template/install/bin/demo1
-- Up-to-date: /home/tungchiahui/UserFloder/mysource/CMake_Template/install/lib/libFunc1_src_lib.so
-- Up-to-date: /home/tungchiahui/UserFloder/mysource/CMake_Template/install/lib/libMatrix_src_lib.so
-- Up-to-date: /home/tungchiahui/UserFloder/mysource/CMake_Template/install/include/Func1/testFunc.h
-- Up-to-date: /home/tungchiahui/UserFloder/mysource/CMake_Template/install/include/Matrix/eigen3_test.hpp

Build started at: Tuesday, August 20, 2024 AM12:48:42 HKT
[ 33%] Built target Func1_src_lib
[ 66%] Built target Matrix_src_lib
[100%] Built target demo1
Install the project...
-- Install configuration: "Debug"
-- Up-to-date: /home/tungchiahui/UserFloder/mysource/CMake_Template/install/bin/demo1
-- Up-to-date: /home/tungchiahui/UserFloder/mysource/CMake_Template/install/lib/libFunc1_src_lib.so
-- Up-to-date: /home/tungchiahui/UserFloder/mysource/CMake_Template/install/lib/libMatrix_src_lib.so
-- Up-to-date: /home/tungchiahui/UserFloder/mysource/CMake_Template/install/include/Func1/testFunc.h
-- Up-to-date: /home/tungchiahui/UserFloder/mysource/CMake_Template/install/include/Matrix/eigen3_test.hpp

Build started at: Tuesday, August 20, 2024 AM12:48:56 HKT
[ 33%] Built target Func1_src_lib
[ 66%] Built target Matrix_src_lib
[100%] Built target demo1
Install the project...
-- Install configuration: "Debug"
-- Up-to-date: /home/tungchiahui/UserFloder/mysource/CMake_Template/install/bin/demo1
-- Up-to-date: /home/tungchiahui/UserFloder/mysource/CMake_Template/install/lib/libFunc1_src_lib.so
-- Up-to-date: /home/tungchiahui/UserFloder/mysource/CMake_Template/install/lib/libMatrix_src_lib.so
-- Up-to-date: /home/tungchiahui/UserFloder/mysource/CMake_Template/install/include/Func1/testFunc.h
-- Up-to-date: /home/tungchiahui/UserFloder/mysource/CMake_Template/install/include/Matrix/eigen3_test.hpp

Build started at: Tuesday, August 20, 2024 AM12:49:35 HKT
[ 33%] Built target Func1_src_lib
[ 66%] Built target Matrix_src_lib
[100%] Built target demo1
Install the project...
-- Install configuration: "Debug"
-- Up-to-date: /home/tungchiahui/UserFloder/mysource/CMake_Template/install/bin/demo1
-- Up-to-date: /home/tungchiahui/UserFloder/mysource/CMake_Template/install/lib/libFunc1_src_lib.so
-- Up-to-date: /home/tungchiahui/UserFloder/mysource/CMake_Template/install/lib/libMatrix_src_lib.so
-- Up-to-date: /home/tungchiahui/UserFloder/mysource/CMake_Template/install/include/Func1/testFunc.h
-- Up-to-date: /home/tungchiahui/UserFloder/mysource/CMake_Template/install/include/Matrix/eigen3_test.hpp

Build started at: Tuesday, August 20, 2024 AM12:50:01 HKT
[ 33%] Built target Func1_src_lib
[ 66%] Built target Matrix_src_lib
[100%] Built target demo1
Install the project...
-- Install configuration: "Debug"
-- Up-to-date: /home/tungchiahui/UserFloder/mysource/CMake_Template/install/bin/demo1
-- Up-to-date: /home/tungchiahui/UserFloder/mysource/CMake_Template/install/lib/libFunc1_src_lib.so
-- Up-to-date: /home/tungchiahui/UserFloder/mysource/CMake_Template/install/lib/libMatrix_src_lib.so
-- Up-to-date: /home/tungchiahui/UserFloder/mysource/CMake_Template/install/include/Func1/testFunc.h
-- Up-to-date: /home/tungchiahui/UserFloder/mysource/CMake_Template/install/include/Matrix/eigen3_test.hpp

Build started at: Tuesday, August 20, 2024 AM12:51:32 HKT
[ 33%] Built target Func1_src_lib
[ 66%] Built target Matrix_src_lib
[ 83%] Building CXX object src/CMakeFiles/demo1.dir/main.cpp.o
[100%] Linking CXX executable demo1
[100%] Built target demo1
Install the project...
-- Install configuration: "Debug"
-- Installing: /home/tungchiahui/UserFloder/mysource/CMake_Template/install/bin/demo1
-- Set runtime path of "/home/tungchiahui/UserFloder/mysource/CMake_Template/install/bin/demo1" to ""
-- Up-to-date: /home/tungchiahui/UserFloder/mysource/CMake_Template/install/lib/libFunc1_src_lib.so
-- Up-to-date: /home/tungchiahui/UserFloder/mysource/CMake_Template/install/lib/libMatrix_src_lib.so
-- Up-to-date: /home/tungchiahui/UserFloder/mysource/CMake_Template/install/include/Func1/testFunc.h
-- Up-to-date: /home/tungchiahui/UserFloder/mysource/CMake_Template/install/include/Matrix/eigen3_test.hpp

Build started at: Tuesday, August 20, 2024 AM12:53:25 HKT
[ 33%] Built target Func1_src_lib
[ 66%] Built target Matrix_src_lib
[100%] Built target demo1
Install the project...
-- Install configuration: "Debug"
-- Up-to-date: /home/tungchiahui/UserFloder/mysource/CMake_Template/install/bin/demo1
-- Up-to-date: /home/tungchiahui/UserFloder/mysource/CMake_Template/install/lib/libFunc1_src_lib.so
-- Up-to-date: /home/tungchiahui/UserFloder/mysource/CMake_Template/install/lib/libMatrix_src_lib.so
-- Up-to-date: /home/tungchiahui/UserFloder/mysource/CMake_Template/install/include/Func1/testFunc.h
-- Up-to-date: /home/tungchiahui/UserFloder/mysource/CMake_Template/install/include/Matrix/eigen3_test.hpp

Build started at: Tuesday, August 20, 2024 AM12:53:45 HKT
[ 33%] Built target Func1_src_lib
[ 66%] Built target Matrix_src_lib
[ 83%] Building CXX object src/CMakeFiles/demo1.dir/main.cpp.o
[100%] Linking CXX executable demo1
[100%] Built target demo1
Install the project...
-- Install configuration: "Debug"
-- Installing: /home/tungchiahui/UserFloder/mysource/CMake_Template/install/bin/demo1
-- Set runtime path of "/home/tungchiahui/UserFloder/mysource/CMake_Template/install/bin/demo1" to ""
-- Up-to-date: /home/tungchiahui/UserFloder/mysource/CMake_Template/install/lib/libFunc1_src_lib.so
-- Up-to-date: /home/tungchiahui/UserFloder/mysource/CMake_Template/install/lib/libMatrix_src_lib.so
-- Up-to-date: /home/tungchiahui/UserFloder/mysource/CMake_Template/install/include/Func1/testFunc.h
-- Up-to-date: /home/tungchiahui/UserFloder/mysource/CMake_Template/install/include/Matrix/eigen3_test.hpp

Build started at: Tuesday, August 20, 2024 AM12:53:53 HKT
[ 33%] Built target Func1_src_lib
[ 66%] Built target Matrix_src_lib
[100%] Built target demo1
Install the project...
-- Install configuration: "Debug"
-- Up-to-date: /home/tungchiahui/UserFloder/mysource/CMake_Template/install/bin/demo1
-- Up-to-date: /home/tungchiahui/UserFloder/mysource/CMake_Template/install/lib/libFunc1_src_lib.so
-- Up-to-date: /home/tungchiahui/UserFloder/mysource/CMake_Template/install/lib/libMatrix_src_lib.so
-- Up-to-date: /home/tungchiahui/UserFloder/mysource/CMake_Template/install/include/Func1/testFunc.h
-- Up-to-date: /home/tungchiahui/UserFloder/mysource/CMake_Template/install/include/Matrix/eigen3_test.hpp
